
Discarded input sections

 .reloc         0x0000000000000000        0x0 dll stuff

Memory Configuration

Name             Origin             Length             Attributes
*default*        0x0000000000000000 0xffffffffffffffff

Linker script and memory map

                0x0000000140000000                __image_base__ = 0x140000000
                0x0000000000000000                __dll__ = 0x0
                0x0000000140000000                __ImageBase = 0x140000000
                0x0000000000001000                __section_alignment__ = 0x1000
                0x0000000000000200                __file_alignment__ = 0x200
                0x0000000000000004                __major_os_version__ = 0x4
                0x0000000000000000                __minor_os_version__ = 0x0
                0x0000000000000000                __major_image_version__ = 0x0
                0x0000000000000000                __minor_image_version__ = 0x0
                0x0000000000000005                __major_subsystem_version__ = 0x5
                0x0000000000000002                __minor_subsystem_version__ = 0x2
                0x0000000000000003                __subsystem__ = 0x3
                0x0000000000200000                __size_of_stack_reserve__ = 0x200000
                0x0000000000001000                __size_of_stack_commit__ = 0x1000
                0x0000000000100000                __size_of_heap_reserve__ = 0x100000
                0x0000000000001000                __size_of_heap_commit__ = 0x1000
                0x0000000000000000                __loader_flags__ = 0x0
                0x0000000000000160                __dll_characteristics__ = 0x160
LOAD app.o
LOAD lib.o
                0x00000000000002c8                . = SIZEOF_HEADERS
                0x0000000000001000                . = ALIGN (__section_alignment__)

.text           0x0000000140001000      0x200
 *(SORT_NONE(.init))
 *(.text)
 .text          0x0000000140001000       0x50 app.o
                0x0000000140001000                main
                0x0000000140001031                get_data(int)
 .text          0x0000000140001050       0x20 lib.o
                0x0000000140001050                play_sound()
 *(SORT_BY_NAME(.text$*))
 *(.text.*)
 *(.gnu.linkonce.t.*)
 *(.glue_7t)
 *(.glue_7)
                0x0000000140001070                . = ALIGN (0x8)
                0x0000000140001070                ___CTOR_LIST__ = .
                0x0000000140001070                __CTOR_LIST__ = .
                0x0000000140001070        0x4 LONG 0xffffffffffffffff
                0x0000000140001074        0x4 LONG 0xffffffffffffffff
 *(.ctors)
 *(.ctor)
 *(SORT_BY_NAME(.ctors.*))
                0x0000000140001078        0x4 LONG 0x0
                0x000000014000107c        0x4 LONG 0x0
                0x0000000140001080                ___DTOR_LIST__ = .
                0x0000000140001080                __DTOR_LIST__ = .
                0x0000000140001080        0x4 LONG 0xffffffffffffffff
                0x0000000140001084        0x4 LONG 0xffffffffffffffff
 *(.dtors)
 *(.dtor)
 *(SORT_BY_NAME(.dtors.*))
                0x0000000140001088        0x4 LONG 0x0
                0x000000014000108c        0x4 LONG 0x0
 *(SORT_NONE(.fini))
 *(.gcc_exc)
                [!provide]                        PROVIDE (etext = .)
 *(.gcc_except_table)

.data           0x0000000140002000      0x200
                0x0000000140002000                __data_start__ = .
 *(.data)
 .data          0x0000000140002000       0x10 app.o
                0x0000000140002000                rect
 .data          0x0000000140002010        0x0 lib.o
 *(.data2)
 *(SORT_BY_NAME(.data$*))
 *(.jcr)
                0x0000000140002010                __data_end__ = .
 *(.data_cygwin_nocopy)

.rdata          0x0000000140003000      0x200
 *(.rdata)
 *(SORT_BY_NAME(.rdata$*))
 .rdata$zzz     0x0000000140003000       0x30 app.o
 .rdata$zzz     0x0000000140003030       0x30 lib.o
                0x0000000140003060                . = ALIGN (0x4)
                0x0000000140003060                __rt_psrelocs_start = .
 *(.rdata_runtime_pseudo_reloc)
                0x0000000140003060                __rt_psrelocs_end = .
                0x0000000000000000                __rt_psrelocs_size = (__rt_psrelocs_end - __rt_psrelocs_start)
                0x0000000140003060                ___RUNTIME_PSEUDO_RELOC_LIST_END__ = .
                0x0000000140003060                __RUNTIME_PSEUDO_RELOC_LIST_END__ = .
                0x0000000140003060                ___RUNTIME_PSEUDO_RELOC_LIST__ = (. - __rt_psrelocs_size)
                0x0000000140003060                __RUNTIME_PSEUDO_RELOC_LIST__ = (. - __rt_psrelocs_size)

.eh_frame
 *(.eh_frame*)

.pdata          0x0000000140004000      0x200
 *(.pdata*)
 .pdata         0x0000000140004000       0x18 app.o
 .pdata         0x0000000140004018        0xc lib.o

.xdata          0x0000000140005000      0x200
 *(.xdata*)
 .xdata         0x0000000140005000       0x14 app.o
 .xdata         0x0000000140005014        0x8 lib.o

.bss            0x0000000140006000       0x20
                0x0000000140006000                __bss_start__ = .
 *(.bss)
 .bss           0x0000000140006000       0x10 app.o
                0x0000000140006000                oval
 .bss           0x0000000140006010       0x10 lib.o
                0x0000000140006010                sound_length
 *(COMMON)
                0x0000000140006020                __bss_end__ = .

.edata
 *(.edata)

/DISCARD/
 *(.debug$S)
 *(.debug$T)
 *(.debug$F)
 *(.drectve)
 *(.note.GNU-stack)
 *(.gnu.lto_*)

.idata          0x0000000140007000      0x200
 SORT_BY_NAME(*)(.idata$2)
 SORT_BY_NAME(*)(.idata$3)
                0x0000000140007000        0x4 LONG 0x0
                0x0000000140007004        0x4 LONG 0x0
                0x0000000140007008        0x4 LONG 0x0
                0x000000014000700c        0x4 LONG 0x0
                0x0000000140007010        0x4 LONG 0x0
                0x0000000140007018                . = ALIGN (0x8)
 *fill*         0x0000000140007014        0x4 
 SORT_BY_NAME(*)(.idata$4)
                0x0000000140007018                __IAT_start__ = .
 SORT_BY_NAME(*)(.idata$5)
                0x0000000140007018                __IAT_end__ = .
 SORT_BY_NAME(*)(.idata$6)
 SORT_BY_NAME(*)(.idata$7)

.CRT            0x0000000140008000        0x0
                0x0000000140008000                ___crt_xc_start__ = .
 *(SORT_BY_NAME(.CRT$XC*))
                0x0000000140008000                ___crt_xc_end__ = .
                0x0000000140008000                ___crt_xi_start__ = .
 *(SORT_BY_NAME(.CRT$XI*))
                0x0000000140008000                ___crt_xi_end__ = .
                0x0000000140008000                ___crt_xl_start__ = .
 *(SORT_BY_NAME(.CRT$XL*))
                0x0000000140008000                ___crt_xp_start__ = .
 *(SORT_BY_NAME(.CRT$XP*))
                0x0000000140008000                ___crt_xp_end__ = .
                0x0000000140008000                ___crt_xt_start__ = .
 *(SORT_BY_NAME(.CRT$XT*))
                0x0000000140008000                ___crt_xt_end__ = .

.tls            0x0000000140008000        0x0
                0x0000000140008000                ___tls_start__ = .
 *(.tls$AAA)
 *(.tls)
 *(.tls$)
 *(SORT_BY_NAME(.tls$*))
 *(.tls$ZZZ)
                0x0000000140008000                ___tls_end__ = .

.endjunk        0x0000000140008000        0x0
                [!provide]                        PROVIDE (end = .)
                [!provide]                        PROVIDE (_end = .)
                0x0000000140008000                __end__ = .

.rsrc
 *(.rsrc)
 *(.rsrc$*)

.reloc          0x0000000140008000        0x0
 *(.reloc)
 .reloc         0x0000000140008000        0x0 dll stuff

.stab
 *(.stab)

.stabstr
 *(.stabstr)

.debug_aranges
 *(.debug_aranges)

.zdebug_aranges
 *(.zdebug_aranges)

.debug_pubnames
 *(.debug_pubnames)

.zdebug_pubnames
 *(.zdebug_pubnames)

.debug_info
 *(.debug_info .gnu.linkonce.wi.*)

.zdebug_info
 *(.zdebug_info .zdebug.gnu.linkonce.wi.*)

.debug_abbrev
 *(.debug_abbrev)

.zdebug_abbrev
 *(.zdebug_abbrev)

.debug_line
 *(.debug_line)

.zdebug_line
 *(.zdebug_line)

.debug_frame
 *(.debug_frame*)

.zdebug_frame
 *(.zdebug_frame*)

.debug_str
 *(.debug_str)

.zdebug_str
 *(.zdebug_str)

.debug_loc
 *(.debug_loc)

.zdebug_loc
 *(.zdebug_loc)

.debug_macinfo
 *(.debug_macinfo)

.zdebug_macinfo
 *(.zdebug_macinfo)

.debug_weaknames
 *(.debug_weaknames)

.zdebug_weaknames
 *(.zdebug_weaknames)

.debug_funcnames
 *(.debug_funcnames)

.zdebug_funcnames
 *(.zdebug_funcnames)

.debug_typenames
 *(.debug_typenames)

.zdebug_typenames
 *(.zdebug_typenames)

.debug_varnames
 *(.debug_varnames)

.zdebug_varnames
 *(.zdebug_varnames)

.debug_pubtypes
 *(.debug_pubtypes)

.zdebug_pubtypes
 *(.zdebug_pubtypes)

.debug_ranges
 *(.debug_ranges)

.zdebug_ranges
 *(.zdebug_ranges)

.debug_types
 *(.debug_types .gnu.linkonce.wt.*)

.zdebug_types
 *(.zdebug_types .gnu.linkonce.wt.*)

.debug_addr
 *(.debug_addr)

.zdebug_addr
 *(.zdebug_addr)

.debug_line_str
 *(.debug_line_str)

.zdebug_line_str
 *(.zdebug_line_str)

.debug_loclists
 *(.debug_loclists)

.zdebug_loclists
 *(.zdebug_loclists)

.debug_macro
 *(.debug_macro)

.zdebug_macro
 *(.zdebug_macro)

.debug_names
 *(.debug_names)

.zdebug_names
 *(.zdebug_names)

.debug_rnglists
 *(.debug_rnglists)

.zdebug_rnglists
 *(.zdebug_rnglists)

.debug_str_offsets
 *(.debug_str_offsets)

.zdebug_str_offsets
 *(.zdebug_str_offsets)

.debug_sup
 *(.debug_sup)

.debug_gdb_scripts
 *(.debug_gdb_scripts)

.zdebug_gdb_scripts
 *(.zdebug_gdb_scripts)
OUTPUT(main.o pei-x86-64)
LOAD dll stuff
